// Jest Snapshot v1, https://goo.gl/fbAQLP

exports[`YourReduxFormComponent renders correctly 1`] = `
<View
  style={
    Object {
      "flex": 1,
    }
  }
>
  <View
    style={
      Object {
        "flex": 2,
      }
    }
  >
    <View
      style={
        Object {
          "marginHorizontal": 15,
          "marginVertical": 5,
        }
      }
    >
      <View
        style={Object {}}
      >
        <View
          style={
            Array [
              Object {
                "backgroundColor": "#F7F9FC",
                "borderColor": "#E4E9F2",
                "borderRadius": 4,
                "borderWidth": 1,
                "minHeight": 40,
                "paddingHorizontal": 8,
                "paddingVertical": 7,
              },
              Object {
                "alignItems": "center",
                "flexDirection": "row",
                "width": "100%",
              },
            ]
          }
        >
          <TextInput
            allowFontScaling={true}
            appearance="default"
            editable={true}
            onBlur={[Function]}
            onChangeText={[Function]}
            onFocus={[Function]}
            onMouseEnter={[Function]}
            onMouseLeave={[Function]}
            placeholder="Email/Phone"
            placeholderTextColor="#FFD700"
            rejectResponderTermination={true}
            size="medium"
            status="basic"
            style={
              Array [
                Object {
                  "color": "#222B45",
                  "fontFamily": "System",
                  "fontSize": 15,
                  "fontWeight": "normal",
                  "marginHorizontal": 8,
                },
                Object {
                  "flexBasis": "auto",
                  "flexGrow": 1,
                  "flexShrink": 1,
                },
                null,
                Object {
                  "color": "#FFD700",
                },
              ]
            }
            underlineColorAndroid="transparent"
            value=""
          />
        </View>
        <View
          style={
            Array [
              Object {
                "marginTop": 4,
              },
              Object {
                "alignItems": "center",
                "flexDirection": "row",
              },
            ]
          }
        />
      </View>
    </View>
    <View
      style={
        Object {
          "marginHorizontal": 15,
          "marginVertical": 5,
        }
      }
    >
      <View
        style={Object {}}
      >
        <View
          style={
            Array [
              Object {
                "backgroundColor": "#F7F9FC",
                "borderColor": "#E4E9F2",
                "borderRadius": 4,
                "borderWidth": 1,
                "minHeight": 40,
                "paddingHorizontal": 8,
                "paddingVertical": 7,
              },
              Object {
                "alignItems": "center",
                "flexDirection": "row",
                "width": "100%",
              },
            ]
          }
        >
          <TextInput
            allowFontScaling={true}
            appearance="default"
            editable={true}
            onBlur={[Function]}
            onChangeText={[Function]}
            onFocus={[Function]}
            onMouseEnter={[Function]}
            onMouseLeave={[Function]}
            placeholder="Password"
            placeholderTextColor="#FFD700"
            rejectResponderTermination={true}
            secureTextEntry={true}
            size="medium"
            status="basic"
            style={
              Array [
                Object {
                  "color": "#222B45",
                  "fontFamily": "System",
                  "fontSize": 15,
                  "fontWeight": "normal",
                  "marginHorizontal": 8,
                },
                Object {
                  "flexBasis": "auto",
                  "flexGrow": 1,
                  "flexShrink": 1,
                },
                null,
                Object {
                  "color": "#FFD700",
                },
              ]
            }
            underlineColorAndroid="transparent"
            value=""
          />
        </View>
        <View
          style={
            Array [
              Object {
                "marginTop": 4,
              },
              Object {
                "alignItems": "center",
                "flexDirection": "row",
              },
            ]
          }
        />
      </View>
    </View>
    <View
      style={
        Object {
          "alignSelf": "center",
        }
      }
    />
    <RNGestureHandlerButton
      collapsable={false}
      onGestureEvent={[Function]}
      onGestureHandlerEvent={[Function]}
      onGestureHandlerStateChange={[Function]}
      onHandlerStateChange={[Function]}
      rippleColor={0}
      style={
        Array [
          Object {
            "overflow": "hidden",
          },
          undefined,
        ]
      }
    >
      <View
        accessible={true}
        style={
          Object {
            "alignItems": "center",
            "alignSelf": "center",
            "backgroundColor": "#006400",
            "borderRadius": 20,
            "fontSize": 10,
            "height": 40,
            "justifyContent": "center",
            "marginTop": 100,
            "opacity": 1,
            "right": 12,
            "width": 140,
          }
        }
      >
        <Text
          style={
            Object {
              "color": "#FFD700",
              "fontSize": 17,
            }
          }
        />
      </View>
    </RNGestureHandlerButton>
  </View>
</View>
`;
