// Jest Snapshot v1, https://goo.gl/fbAQLP

exports[`screen should render without error 1`] = `
<View
  style={
    Object {
      "flex": 1,
    }
  }
>
  <View
    style={
      Object {
        "flex": 1,
      }
    }
  >
    <View
      style={
        Object {
          "alignSelf": "center",
          "flex": 1,
          "justifyContent": "center",
        }
      }
    >
      <Text
        style={
          Object {
            "fontSize": 30,
          }
        }
      >
        Оформление заказа
      </Text>
    </View>
    <View
      category={true}
      style={
        Object {
          "flex": 3,
        }
      }
    >
      <View
        style={
          Object {
            "marginHorizontal": 15,
            "marginVertical": 5,
          }
        }
      >
        <View
          style={Object {}}
        >
          <View
            style={
              Array [
                Object {
                  "backgroundColor": "#F7F9FC",
                  "borderColor": "#E4E9F2",
                  "borderRadius": 4,
                  "borderWidth": 1,
                  "minHeight": 40,
                  "paddingHorizontal": 8,
                  "paddingVertical": 7,
                },
                Object {
                  "alignItems": "center",
                  "flexDirection": "row",
                  "width": "100%",
                },
              ]
            }
          >
            <TextInput
              allowFontScaling={true}
              appearance="default"
              editable={true}
              onBlur={[Function]}
              onChangeText={[Function]}
              onFocus={[Function]}
              onMouseEnter={[Function]}
              onMouseLeave={[Function]}
              placeholder="Имя"
              placeholderTextColor="#FFD700"
              rejectResponderTermination={true}
              size="medium"
              status="basic"
              style={
                Array [
                  Object {
                    "color": "#222B45",
                    "fontFamily": "System",
                    "fontSize": 15,
                    "fontWeight": "normal",
                    "marginHorizontal": 8,
                  },
                  Object {
                    "flexBasis": "auto",
                    "flexGrow": 1,
                    "flexShrink": 1,
                  },
                  null,
                  Object {
                    "color": "#FFD700",
                  },
                ]
              }
              underlineColorAndroid="transparent"
              value=""
            />
          </View>
          <View
            style={
              Array [
                Object {
                  "marginTop": 4,
                },
                Object {
                  "alignItems": "center",
                  "flexDirection": "row",
                },
              ]
            }
          />
        </View>
      </View>
      <View>
        <View
          style={
            Object {
              "marginHorizontal": 15,
              "marginVertical": 5,
            }
          }
        >
          <View
            style={Object {}}
          >
            <View
              style={
                Array [
                  Object {
                    "backgroundColor": "#F7F9FC",
                    "borderColor": "#E4E9F2",
                    "borderRadius": 4,
                    "borderWidth": 1,
                    "minHeight": 40,
                    "paddingHorizontal": 8,
                    "paddingVertical": 7,
                  },
                  Object {
                    "alignItems": "center",
                    "flexDirection": "row",
                    "width": "100%",
                  },
                ]
              }
            >
              <TextInput
                allowFontScaling={true}
                appearance="default"
                editable={true}
                onBlur={[Function]}
                onChangeText={[Function]}
                onFocus={[Function]}
                onMouseEnter={[Function]}
                onMouseLeave={[Function]}
                placeholder="Aдрес"
                placeholderTextColor="#FFD700"
                rejectResponderTermination={true}
                size="medium"
                status="basic"
                style={
                  Array [
                    Object {
                      "color": "#222B45",
                      "fontFamily": "System",
                      "fontSize": 15,
                      "fontWeight": "normal",
                      "marginHorizontal": 8,
                    },
                    Object {
                      "flexBasis": "auto",
                      "flexGrow": 1,
                      "flexShrink": 1,
                    },
                    null,
                    Object {
                      "color": "#FFD700",
                    },
                  ]
                }
                underlineColorAndroid="transparent"
                value=""
              />
            </View>
            <View
              style={
                Array [
                  Object {
                    "marginTop": 4,
                  },
                  Object {
                    "alignItems": "center",
                    "flexDirection": "row",
                  },
                ]
              }
            />
          </View>
        </View>
        <View
          style={
            Object {
              "backgroundColor": "blue",
              "flex": 1,
              "position": "absolute",
              "right": 30,
              "top": 15,
            }
          }
        >
          <RNGestureHandlerButton
            collapsable={false}
            onGestureEvent={[Function]}
            onGestureHandlerEvent={[Function]}
            onGestureHandlerStateChange={[Function]}
            onHandlerStateChange={[Function]}
            rippleColor={0}
            style={
              Array [
                Object {
                  "overflow": "hidden",
                },
                undefined,
              ]
            }
          >
            <View
              accessible={true}
              style={
                Object {
                  "opacity": 1,
                }
              }
            >
              <Text>
                Карта
              </Text>
            </View>
          </RNGestureHandlerButton>
        </View>
      </View>
      <View
        style={
          Object {
            "marginHorizontal": 15,
            "marginVertical": 5,
          }
        }
      >
        <View
          style={Object {}}
        >
          <View
            style={
              Array [
                Object {
                  "backgroundColor": "#F7F9FC",
                  "borderColor": "#E4E9F2",
                  "borderRadius": 4,
                  "borderWidth": 1,
                  "minHeight": 40,
                  "paddingHorizontal": 8,
                  "paddingVertical": 7,
                },
                Object {
                  "alignItems": "center",
                  "flexDirection": "row",
                  "width": "100%",
                },
              ]
            }
          >
            <TextInput
              allowFontScaling={true}
              appearance="default"
              editable={true}
              onBlur={[Function]}
              onChangeText={[Function]}
              onFocus={[Function]}
              onMouseEnter={[Function]}
              onMouseLeave={[Function]}
              placeholder="Телефон"
              placeholderTextColor="#FFD700"
              rejectResponderTermination={true}
              size="medium"
              status="basic"
              style={
                Array [
                  Object {
                    "color": "#222B45",
                    "fontFamily": "System",
                    "fontSize": 15,
                    "fontWeight": "normal",
                    "marginHorizontal": 8,
                  },
                  Object {
                    "flexBasis": "auto",
                    "flexGrow": 1,
                    "flexShrink": 1,
                  },
                  null,
                  Object {
                    "color": "#FFD700",
                  },
                ]
              }
              underlineColorAndroid="transparent"
              value=""
            />
          </View>
          <View
            style={
              Array [
                Object {
                  "marginTop": 4,
                },
                Object {
                  "alignItems": "center",
                  "flexDirection": "row",
                },
              ]
            }
          />
        </View>
      </View>
      <Text
        style={
          Object {
            "fontSize": 20,
            "marginBottom": 30,
            "marginHorizontal": 15,
            "marginTop": 10,
          }
        }
      >
        Сумма заказа:
        0
        грн
      </Text>
      <Text>
        Вы ничего не заказали
      </Text>
    </View>
  </View>
</View>
`;
